=== Migration install started 09/09/2026 22:38:48 ===
[22:38:48] Removing node_modules (attempt 1)...
[22:39:49] node_modules removed: True
[22:39:49] Starting npm install...
[22:40:24] npm warn deprecated inflight@1.0.6: This module is not supported, and leaks memory. Do not use it. Check out lru-cache if you want a good and tested way to coalesce async requests by a key value, which is much more comprehensive and powerful.
[22:40:24] npm warn deprecated rimraf@2.7.1: Rimraf versions prior to v4 are no longer supported
[22:40:26] npm warn deprecated rimraf@3.0.2: Rimraf versions prior to v4 are no longer supported
[22:40:28] npm warn deprecated glob@7.2.3: Old versions of glob are not supported, and contain widely publicized security vulnerabilities, which have been fixed in the current version. Please update. Support for old versions may be purchased (at exorbitant rates) by contacting i@izs.me
[22:40:29] npm warn deprecated whatwg-encoding@3.1.1: Use @exodus/bytes instead for a more spec-conformant and faster implementation
[22:40:35] npm warn deprecated @angular/platform-browser-dynamic@22.1.5: @angular/platform-browser-dynamic is deprecated. Use `@angular/platform-browser` instead.
[22:40:50] npm warn deprecated @angular/animations@22.1.5: @angular/animations is deprecated. Use `animate.enter` and `animate.leave` instead. For more information see: https://v22.angular.dev/guide/animations.
[22:41:16] npm warn deprecated @ngtools/webpack@22.1.7: Angular's Webpack support is deprecated. Use the esbuild and Vite-based "@angular/build" package instead.
[22:42:09] npm warn deprecated @angular-devkit/build-angular@22.1.7: Angular's Webpack support is deprecated. Use the esbuild and Vite-based "@angular/build" package instead.
[22:42:13] npm warn deprecated eslint@9.39.5: This version is no longer supported. Please see https://eslint.org/version-support for other options.
[22:44:01] 
[22:44:01] added 1561 packages, and audited 1562 packages in 4m
[22:44:01] 
[22:44:01] 349 packages are looking for funding
[22:44:01]   run `npm fund` for details
[22:44:01] 
[22:44:01] found 0 vulnerabilities
[22:44:01] npm warn install-scripts 6 packages have install scripts not yet covered by allowScripts:
[22:44:01] npm warn install-scripts   @parcel/watcher@2.6.0 (install: node scripts/build-from-source.js)
[22:44:01] npm warn install-scripts   core-js@3.39.0 (postinstall: node -e "try{require('./postinstall')}catch(e){}")
[22:44:01] npm warn install-scripts   esbuild@0.28.2 (postinstall: node install.js)
[22:44:01] npm warn install-scripts   lmdb@3.5.6 (install: node-gyp-build-optional-packages)
[22:44:01] npm warn install-scripts   msgpackr-extract@3.0.4 (install: node-gyp-build-optional-packages)
[22:44:01] npm warn install-scripts   puppeteer@25.9.0 (postinstall: node install.mjs)
[22:44:01] npm warn install-scripts
[22:44:01] npm warn install-scripts Run `npm install-scripts ls` to review, or `npm install-scripts approve <pkg>` to allow.
[22:44:01] npm install exit code: 0
[22:44:01] === Migration install finished 09/09/2026 22:44:01 ===
